// Jest Snapshot v1, https://goo.gl/fbAQLP

exports[`Hint by default renders boolean attributes 1`] = `
<span class="govuk-hint"
      data-attribute
>
</span>
`;
