// Jest Snapshot v1, https://goo.gl/fbAQLP

exports[`Skip link renders boolean attributes 1`] = `
<a href="#content"
   class="govuk-skip-link"
   data-attribute
>
</a>
`;
