// Jest Snapshot v1, https://goo.gl/fbAQLP

exports[`Checkboxes nested dependant components passes through fieldset params without breaking 1`] = `
<fieldset class="moaland-fieldset app-fieldset--custom-modifier"
          aria-describedby="example-name-error"
          data-attribute="value"
          data-second-attribute="second-value"
>
  <legend class="moaland-fieldset__legend">
    What is your nationality?
  </legend>
</fieldset>
`;

exports[`Checkboxes nested dependant components passes through html fieldset params without breaking 1`] = `
<fieldset class="moaland-fieldset">
  <legend class="moaland-fieldset__legend">
    What is your
    <b>
      nationality
    </b>
    ?
  </legend>
</fieldset>
`;

exports[`Checkboxes nested dependant components passes through label params without breaking 1`] = `
<label class="moaland-label moaland-checkboxes__label"
       data-attribute="value"
       data-second-attribute="second-value"
       for="example-name"
>
  <b>
    Option 1
  </b>
</label>
`;

exports[`Checkboxes when they include a hint renders the hint 1`] = `
<div id="example-multiple-hints-hint"
     class="moaland-hint"
>
  If you have dual nationality, select all options that are relevant to you.
</div>
<div id="example-multiple-hints-item-hint"
     class="moaland-hint moaland-checkboxes__hint"
>
  Hint for british option here
</div>
<div id="example-multiple-hints-3-item-hint"
     class="moaland-hint moaland-checkboxes__hint"
>
  Hint for other option here
</div>
`;

exports[`Checkboxes when they include an error message renders the error message 1`] = `
<span id="waste-error"
      class="moaland-error-message"
>
  Please select an option
</span>
`;
