// Jest Snapshot v1, https://goo.gl/fbAQLP

exports[`Checkboxes nested dependant components passes through fieldset params without breaking 1`] = `
<fieldset class="govuk-fieldset app-fieldset--custom-modifier"
          aria-describedby="example-hint example-error"
          data-attribute="value"
          data-second-attribute="second-value"
>
  <legend class="govuk-fieldset__legend">
    What is your nationality?
  </legend>
</fieldset>
`;

exports[`Checkboxes nested dependant components passes through html fieldset params without breaking 1`] = `
<fieldset class="govuk-fieldset">
  <legend class="govuk-fieldset__legend">
    What is your
    <b>
      nationality
    </b>
    ?
  </legend>
</fieldset>
`;

exports[`Checkboxes nested dependant components passes through label params without breaking 1`] = `
<label class="govuk-label govuk-checkboxes__label"
       data-attribute="value"
       data-second-attribute="second-value"
       for="example-name"
>
  <b>
    Option 1
  </b>
</label>
<label class="govuk-label govuk-checkboxes__label"
       for="example-name-2"
>
  &lt;b&gt;Option 2&lt;/b&gt;
</label>
`;

exports[`Checkboxes renders boolean attributes 1`] = `
<div class="govuk-form-group">
  <div class="govuk-checkboxes"
       data-attribute
  >
    <div class="govuk-checkboxes__item">
      <input class="govuk-checkboxes__input"
             id="example-name"
             name="example-name"
             type="checkbox"
             value="1"
      >
      <label class="govuk-label govuk-checkboxes__label"
             for="example-name"
      >
        Option 1
      </label>
    </div>
    <div class="govuk-checkboxes__item">
      <input class="govuk-checkboxes__input"
             id="example-name-2"
             name="example-name"
             type="checkbox"
             value="2"
      >
      <label class="govuk-label govuk-checkboxes__label"
             for="example-name-2"
      >
        Option 2
      </label>
    </div>
  </div>
</div>
`;

exports[`Checkboxes when they include a hint renders the hint 1`] = `
<span id="example-hint"
      class="govuk-hint"
>
  If you have dual nationality, select all options that are relevant to you.
</span>
`;

exports[`Checkboxes when they include an error message renders the error message 1`] = `
<span id="example-error"
      class="govuk-error-message"
>
  Please select an option
</span>
`;
