// Jest Snapshot v1, https://goo.gl/fbAQLP

exports[`Inset text by default renders boolean attributes 1`] = `
<div class="govuk-inset-text"
     data-attribute
>
</div>
`;
